// Jest Snapshot v1, https://goo.gl/fbAQLP

exports[`sample 1`] = `
<button
  onClick={[Function]}
>
  test
</button>
`;
